
> Configure project :
Fabric Loom: 1.15.4

> Task :clean

> Task :compileJava

.\gradlew.bat : Note: C:\Users\botsolo\Documents\maceileLocked\src\main\java\net\uhhemi\maceilelocked\MaceileLockedClient.java uses or overrides a deprecated API.
At line:1 char:46
+ ... eileLocked; .\gradlew.bat clean build > build_output.txt 2>&1; Write- ...
+                 ~~~~~~~~~~~~~~~~~~~~~~~~~~~~~~~~~~~~~~~~~~~~~~~~~
    + CategoryInfo          : NotSpecified: (Note: C:\Users\...deprecated API.:String) [], RemoteException
    + FullyQualifiedErrorId : NativeCommandError
 
Note: Recompile with -Xlint:deprecation for details.
> Task :processResources
> Task :classes
> Task :jar
> Task :processIncludeJars
> Task :sourcesJar
> Task :compileTestJava NO-SOURCE
> Task :processTestResources NO-SOURCE
> Task :testClasses UP-TO-DATE
> Task :test NO-SOURCE
> Task :validateAccessWidener NO-SOURCE
> Task :check UP-TO-DATE
> Task :remapSourcesJar
> Task :remapJar
> Task :assemble
> Task :build

[Incubating] Problems report is available at: file:///C:/Users/botsolo/Documents/maceileLocked/build/reports/problems/problems-report.html

Deprecated Gradle features were used in this build, making it incompatible with Gradle 10.

You can use '--warning-mode all' to show the individual deprecation warnings and determine if they come from your own scripts or plugins.

For more on this, please refer to https://docs.gradle.org/9.3.0/userguide/command_line_interface.html#sec:command_line_warnings in the Gradle documentation.

BUILD SUCCESSFUL in 5s
8 actionable tasks: 8 executed
